%!Adobe-FontList 1.22
%Locale:0x412

%BeginFont
Handler:DirectoryHandler
FontType:Invalid
OutlineFileName:C:\Users\김태연\Desktop\Font\NotoSansKR-Black-Hestia.eot
FileModTime:1617093174
%EndFont

%BeginFont
Handler:DirectoryHandler
FontType:CID
FontName:NotoSansKR-Black
FamilyName:Noto Sans KR
StyleName:Black
FullName:Noto Sans KR Black
MenuName:Noto Sans KR Black
StyleBits:0
FamilyNameNative:Noto Sans KR
StyleNameNative:Black
FullNameNative:Noto Sans KR Black
WritingScript:Korean
OutlineFileName:C:\Users\김태연\Desktop\Font\NotoSansKR-Black-Hestia.otf
DataFormat:sfntData
isCFF:yes
hasSVG:no
VariableFontType:NonVariableFont
FileLength:403792
FileModTime:1617093174
WeightClass:900
WidthClass:5
AngleClass:0
NameArray:0,Mac,4,Noto Sans KR Black
NameArray:0,Win,1,Noto Sans KR Black
NameArray:0,Win,16,Noto Sans KR
%EndFont

%BeginFont
Handler:DirectoryHandler
FontType:Invalid
OutlineFileName:C:\Users\김태연\Desktop\Font\NotoSansKR-Black-Hestia.woff
FileModTime:1617093174
%EndFont

%BeginFont
Handler:DirectoryHandler
FontType:Invalid
OutlineFileName:C:\Users\김태연\Desktop\Font\NotoSansKR-Bold-Hestia.eot
FileModTime:1617093173
%EndFont

%BeginFont
Handler:DirectoryHandler
FontType:CID
FontName:NotoSansKR-Bold
FamilyName:Noto Sans KR
StyleName:Bold
FullName:Noto Sans KR Bold
MenuName:Noto Sans KR Bold
StyleBits:0
FamilyNameNative:Noto Sans KR
StyleNameNative:Bold
FullNameNative:Noto Sans KR Bold
WritingScript:Korean
OutlineFileName:C:\Users\김태연\Desktop\Font\NotoSansKR-Bold-Hestia.otf
DataFormat:sfntData
isCFF:yes
hasSVG:no
VariableFontType:NonVariableFont
FileLength:396476
FileModTime:1617093174
WeightClass:700
WidthClass:5
AngleClass:0
NameArray:0,Mac,4,Noto Sans KR Bold
NameArray:0,Win,1,Noto Sans KR Bold
NameArray:0,Win,16,Noto Sans KR
%EndFont

%BeginFont
Handler:DirectoryHandler
FontType:Invalid
OutlineFileName:C:\Users\김태연\Desktop\Font\NotoSansKR-Bold-Hestia.woff
FileModTime:1617093173
%EndFont

%BeginFont
Handler:DirectoryHandler
FontType:Invalid
OutlineFileName:C:\Users\김태연\Desktop\Font\NotoSansKR-DemiLight-Hestia.eot
FileModTime:1617093174
%EndFont

%BeginFont
Handler:DirectoryHandler
FontType:CID
FontName:NotoSansKR-DemiLight
FamilyName:Noto Sans KR
StyleName:DemiLight
FullName:Noto Sans KR DemiLight
MenuName:Noto Sans KR DemiLight
StyleBits:0
FamilyNameNative:Noto Sans KR
StyleNameNative:DemiLight
FullNameNative:Noto Sans KR DemiLight
WritingScript:Korean
OutlineFileName:C:\Users\김태연\Desktop\Font\NotoSansKR-DemiLight-Hestia.otf
DataFormat:sfntData
isCFF:yes
hasSVG:no
VariableFontType:NonVariableFont
FileLength:394124
FileModTime:1617093174
WeightClass:350
WidthClass:5
AngleClass:0
NameArray:0,Mac,4,Noto Sans KR DemiLight
NameArray:0,Win,1,Noto Sans KR DemiLight
NameArray:0,Win,16,Noto Sans KR
%EndFont

%BeginFont
Handler:DirectoryHandler
FontType:Invalid
OutlineFileName:C:\Users\김태연\Desktop\Font\NotoSansKR-DemiLight-Hestia.woff
FileModTime:1617093173
%EndFont

%BeginFont
Handler:DirectoryHandler
FontType:Invalid
OutlineFileName:C:\Users\김태연\Desktop\Font\NotoSansKR-Light-Hestia.eot
FileModTime:1617093174
%EndFont

%BeginFont
Handler:DirectoryHandler
FontType:CID
FontName:NotoSansKR-Light
FamilyName:Noto Sans KR
StyleName:Light
FullName:Noto Sans KR Light
MenuName:Noto Sans KR Light
StyleBits:0
FamilyNameNative:Noto Sans KR
StyleNameNative:Light
FullNameNative:Noto Sans KR Light
WritingScript:Korean
OutlineFileName:C:\Users\김태연\Desktop\Font\NotoSansKR-Light-Hestia.otf
DataFormat:sfntData
isCFF:yes
hasSVG:no
VariableFontType:NonVariableFont
FileLength:397004
FileModTime:1617093174
WeightClass:300
WidthClass:5
AngleClass:0
NameArray:0,Mac,4,Noto Sans KR Light
NameArray:0,Win,1,Noto Sans KR Light
NameArray:0,Win,16,Noto Sans KR
%EndFont

%BeginFont
Handler:DirectoryHandler
FontType:Invalid
OutlineFileName:C:\Users\김태연\Desktop\Font\NotoSansKR-Light-Hestia.woff
FileModTime:1617093173
%EndFont

%BeginFont
Handler:DirectoryHandler
FontType:Invalid
OutlineFileName:C:\Users\김태연\Desktop\Font\NotoSansKR-Medium-Hestia.eot
FileModTime:1617093174
%EndFont

%BeginFont
Handler:DirectoryHandler
FontType:CID
FontName:NotoSansKR-Medium
FamilyName:Noto Sans KR
StyleName:Medium
FullName:Noto Sans KR Medium
MenuName:Noto Sans KR Medium
StyleBits:0
FamilyNameNative:Noto Sans KR
StyleNameNative:Medium
FullNameNative:Noto Sans KR Medium
WritingScript:Korean
OutlineFileName:C:\Users\김태연\Desktop\Font\NotoSansKR-Medium-Hestia.otf
DataFormat:sfntData
isCFF:yes
hasSVG:no
VariableFontType:NonVariableFont
FileLength:391268
FileModTime:1617093174
WeightClass:500
WidthClass:5
AngleClass:0
NameArray:0,Mac,4,Noto Sans KR Medium
NameArray:0,Win,1,Noto Sans KR Medium
NameArray:0,Win,16,Noto Sans KR
%EndFont

%BeginFont
Handler:DirectoryHandler
FontType:Invalid
OutlineFileName:C:\Users\김태연\Desktop\Font\NotoSansKR-Medium-Hestia.woff
FileModTime:1617093174
%EndFont

%BeginFont
Handler:DirectoryHandler
FontType:Invalid
OutlineFileName:C:\Users\김태연\Desktop\Font\NotoSansKR-Regular-Hestia.eot
FileModTime:1617093174
%EndFont

%BeginFont
Handler:DirectoryHandler
FontType:CID
FontName:NotoSansKR-Regular
FamilyName:Noto Sans KR
StyleName:Regular
FullName:Noto Sans KR Regular
MenuName:Noto Sans KR Regular
StyleBits:0
FamilyNameNative:Noto Sans KR
StyleNameNative:Regular
FullNameNative:Noto Sans KR Regular
WritingScript:Korean
OutlineFileName:C:\Users\김태연\Desktop\Font\NotoSansKR-Regular-Hestia.otf
DataFormat:sfntData
isCFF:yes
hasSVG:no
VariableFontType:NonVariableFont
FileLength:392940
FileModTime:1617093174
WeightClass:400
WidthClass:5
AngleClass:0
NameArray:0,Mac,4,Noto Sans KR Regular
NameArray:0,Win,1,Noto Sans KR Regular
NameArray:0,Win,16,Noto Sans KR
%EndFont

%BeginFont
Handler:DirectoryHandler
FontType:Invalid
OutlineFileName:C:\Users\김태연\Desktop\Font\NotoSansKR-Regular-Hestia.woff
FileModTime:1617093173
%EndFont

%BeginFont
Handler:DirectoryHandler
FontType:Invalid
OutlineFileName:C:\Users\김태연\Desktop\Font\NotoSansKR-Thin-Hestia.eot
FileModTime:1617093174
%EndFont

%BeginFont
Handler:DirectoryHandler
FontType:CID
FontName:NotoSansKR-Thin
FamilyName:Noto Sans KR
StyleName:Thin
FullName:Noto Sans KR Thin
MenuName:Noto Sans KR Thin
StyleBits:0
FamilyNameNative:Noto Sans KR
StyleNameNative:Thin
FullNameNative:Noto Sans KR Thin
WritingScript:Korean
OutlineFileName:C:\Users\김태연\Desktop\Font\NotoSansKR-Thin-Hestia.otf
DataFormat:sfntData
isCFF:yes
hasSVG:no
VariableFontType:NonVariableFont
FileLength:399528
FileModTime:1617093174
WeightClass:250
WidthClass:5
AngleClass:0
NameArray:0,Mac,4,Noto Sans KR Thin
NameArray:0,Win,1,Noto Sans KR Thin
NameArray:0,Win,16,Noto Sans KR
%EndFont

%BeginFont
Handler:DirectoryHandler
FontType:Invalid
OutlineFileName:C:\Users\김태연\Desktop\Font\NotoSansKR-Thin-Hestia.woff
FileModTime:1617093174
%EndFont

%BeginFont
Handler:DirectoryHandler
FontType:Invalid
OutlineFileName:C:\Users\김태연\Desktop\Font\notosans.css
FileModTime:1617093174
%EndFont

